// Jest Snapshot v1, https://goo.gl/fbAQLP

exports[`UserProjectCard.vue renders correctly 1`] = `
<div
  class="user-project-card"
>
  <div>
    <a
      class="project-name-block mb-3"
    >
      <span
        class="project-icon-wrapper"
      >
        <!---->
      </span>
      <p
        class="project-name text-ellipsis text-body-2"
      >
        Test project
      </p>
      <p
        class="text-body-5 text-ellipsis"
      >
        Software product
      </p>
    </a>
    <p
      class="title-links-block text-body-5 mb-1"
    >
       Short links 
    </p>
    <a
      class="link-block hover-effect"
    >
      <p
        class="link-name text-body-5"
      >
         Total tasks 
      </p>
      <div
        class="j-chip size-s rounded-xs"
      >
        
        <span
          class="text-body-6"
        >
          16
        </span>
        
      </div>
    </a>
    <a
      class="link-block hover-effect"
    >
      <p
        class="link-name text-body-5"
      >
         My tasks 
      </p>
      <div
        class="j-chip size-s rounded-xs"
      >
        
        <span
          class="text-body-6"
        >
          16
        </span>
        
      </div>
    </a>
    <a
      class="link-block hover-effect"
    >
      <p
        class="link-name text-body-5"
      >
         Complete task 
      </p>
      <div
        class="j-chip size-s rounded-xs"
      >
        
        <span
          class="text-body-6"
        >
          16
        </span>
        
      </div>
    </a>
  </div>
</div>
`;
